******************************************************************************
                  TI ARM Linker PC v20.2.5                     
******************************************************************************
>> Linked Thu May 13 00:17:53 2021

OUTPUT FILE NAME:   <ED2_Lab7.out>
ENTRY POINT SYMBOL: "_c_int00_noargs"  address: 00000afd


MEMORY CONFIGURATION

         name            origin    length      used     unused   attr    fill
----------------------  --------  ---------  --------  --------  ----  --------
  FLASH                 00000000   00040000  00000e2c  0003f1d4  R  X
  SRAM                  20000000   00008000  00000209  00007df7  RW X


SEGMENT ALLOCATION MAP

run origin  load origin   length   init length attrs members
----------  ----------- ---------- ----------- ----- -------
00000000    00000000    00000e30   00000e30    r-x
  00000000    00000000    0000026c   0000026c    r-- .intvecs
  0000026c    0000026c    00000a24   00000a24    r-x .text
  00000c90    00000c90    0000016c   0000016c    r-- .const
  00000e00    00000e00    00000030   00000030    r-- .cinit
20000000    20000000    0000020c   00000000    rw-
  20000000    20000000    00000200   00000000    rw- .stack
  20000200    20000200    00000005   00000000    rw- .data
  20000208    20000208    00000004   00000000    rw- .bss


SECTION ALLOCATION MAP

 output                                  attributes/
section   page    origin      length       input sections
--------  ----  ----------  ----------   ----------------
.intvecs   0    00000000    0000026c     
                  00000000    0000026c     tm4c123gh6pm_startup_ccs.obj (.intvecs)

.text      0    0000026c    00000a24     
                  0000026c    0000024c     main.obj (.text)
                  000004b8    00000132     driverlib.lib : gpio.obj (.text:GPIOPadConfigSet)
                  000005ea    00000002     --HOLE-- [fill = 0]
                  000005ec    00000110                   : sysctl.obj (.text:SysCtlClockGet)
                  000006fc    000000f4                   : sysctl.obj (.text:SysCtlClockSet)
                  000007f0    0000009c     rtsv7M4_T_le_v4SPD16_eabi.lib : memcpy_t2.asm.obj (.text)
                  0000088c    00000068     driverlib.lib : interrupt.obj (.text:IntEnable)
                  000008f4    00000068     rtsv7M4_T_le_v4SPD16_eabi.lib : copy_decompress_lzss.c.obj (.text:decompress:lzss:__TI_decompress_lzss)
                  0000095c    00000060     driverlib.lib : timer.obj (.text:TimerConfigure)
                  000009bc    00000048                   : gpio.obj (.text:GPIOPinConfigure)
                  00000a04    00000046                   : uart.obj (.text:UARTConfigSetExpClk)
                  00000a4a    00000002     --HOLE-- [fill = 0]
                  00000a4c    00000044     rtsv7M4_T_le_v4SPD16_eabi.lib : autoinit.c.obj (.text:__TI_auto_init_nobinit_nopinit:__TI_auto_init_nobinit_nopinit)
                  00000a90    00000038     driverlib.lib : sysctl.obj (.text:SysCtlPeripheralReady)
                  00000ac8    00000034                   : sysctl.obj (.text:SysCtlPeripheralEnable)
                  00000afc    00000034     rtsv7M4_T_le_v4SPD16_eabi.lib : boot_cortex_m.c.obj (.text:_c_int00_noargs:_c_int00_noargs)
                  00000b30    0000002a     driverlib.lib : gpio.obj (.text:GPIODirModeSet)
                  00000b5a    00000002     --HOLE-- [fill = 0]
                  00000b5c    00000020                   : uart.obj (.text:UARTDisable)
                  00000b7c    0000001c     rtsv7M4_T_le_v4SPD16_eabi.lib : copy_zero_init.c.obj (.text:decompress:ZI:__TI_zero_init_nomemset:__TI_zero_init_nomemset)
                  00000b98    00000018     driverlib.lib : gpio.obj (.text:GPIOPinTypeGPIOOutput)
                  00000bb0    00000014                   : uart.obj (.text:UARTEnable)
                  00000bc4    00000012                   : gpio.obj (.text:GPIOPinTypeUART)
                  00000bd6    00000012                   : timer.obj (.text:TimerLoadSet)
                  00000be8    00000010                   : interrupt.obj (.text:IntMasterEnable)
                  00000bf8    0000000e                   : timer.obj (.text:TimerEnable)
                  00000c06    0000000e                   : uart.obj (.text:UARTCharsAvail)
                  00000c14    0000000e     rtsv7M4_T_le_v4SPD16_eabi.lib : copy_decompress_none.c.obj (.text:decompress:none:__TI_decompress_none)
                  00000c22    0000000c     driverlib.lib : cpu.obj (.text:CPUcpsie)
                  00000c2e    0000000c     tm4c123gh6pm_startup_ccs.obj (.text)
                  00000c3a    0000000a     driverlib.lib : uart.obj (.text:UARTCharGet)
                  00000c44    0000000a                   : uart.obj (.text:UARTFIFOEnable)
                  00000c4e    0000000a                   : uart.obj (.text:UARTIntStatus)
                  00000c58    00000008                   : timer.obj (.text:TimerIntEnable)
                  00000c60    00000008                   : uart.obj (.text:UARTIntEnable)
                  00000c68    00000006                   : gpio.obj (.text:GPIOPinRead)
                  00000c6e    00000006                   : gpio.obj (.text:GPIOPinWrite)
                  00000c74    00000006                   : sysctl.obj (.text:SysCtlDelay)
                  00000c7a    00000006                   : uart.obj (.text:UARTFIFOLevelSet)
                  00000c80    00000004                   : timer.obj (.text:TimerIntClear)
                  00000c84    00000004                   : uart.obj (.text:UARTIntClear)
                  00000c88    00000004     rtsv7M4_T_le_v4SPD16_eabi.lib : pre_init.c.obj (.text:_system_pre_init)
                  00000c8c    00000004                                   : exit.c.obj (.text:abort:abort)

.const     0    00000c90    0000016c     
                  00000c90    00000090     driverlib.lib : gpio.obj (.const:g_pui32GPIOBaseAddrs)
                  00000d20    00000070                   : interrupt.obj (.const)
                  00000d90    0000006c                   : sysctl.obj (.const:g_pui32Xtals)

.cinit     0    00000e00    00000030     
                  00000e00    0000000c     (__TI_handler_table)
                  00000e0c    00000004     --HOLE-- [fill = 0]
                  00000e10    00000008     (.cinit..bss.load) [load image, compression = zero_init]
                  00000e18    00000007     (.cinit..data.load) [load image, compression = lzss]
                  00000e1f    00000001     --HOLE-- [fill = 0]
                  00000e20    00000010     (__TI_cinit_table)

.init_array 
*          0    00000000    00000000     UNINITIALIZED

.data      0    20000200    00000005     UNINITIALIZED
                  20000200    00000005     main.obj (.data)

.bss       0    20000208    00000004     UNINITIALIZED
                  20000208    00000004     (.common:Period)

.stack     0    20000000    00000200     UNINITIALIZED
                  20000000    00000004     rtsv7M4_T_le_v4SPD16_eabi.lib : boot_cortex_m.c.obj (.stack)
                  20000004    000001fc     --HOLE--

__llvm_prf_cnts 
*          0    20000000    00000000     UNINITIALIZED

MODULE SUMMARY

       Module                         code   ro data   rw data
       ------                         ----   -------   -------
    .\
       tm4c123gh6pm_startup_ccs.obj   12     620       0      
       main.obj                       588    0         9      
    +--+------------------------------+------+---------+---------+
       Total:                         600    620       9      
                                                              
    C:/ti/TivaWare_C_Series-2.1.4.178/driverlib/ccs/Debug/driverlib.lib
       sysctl.obj                     630    108       0      
       gpio.obj                       474    144       0      
       interrupt.obj                  120    112       0      
       uart.obj                       184    0         0      
       timer.obj                      140    0         0      
       cpu.obj                        12     0         0      
    +--+------------------------------+------+---------+---------+
       Total:                         1560   364       0      
                                                              
    C:\ti\ccs1031\ccs\tools\compiler\ti-cgt-arm_20.2.5.LTS\lib\rtsv7M4_T_le_v4SPD16_eabi.lib
       memcpy_t2.asm.obj              156    0         0      
       copy_decompress_lzss.c.obj     104    0         0      
       autoinit.c.obj                 68     0         0      
       boot_cortex_m.c.obj            52     0         0      
       copy_zero_init.c.obj           28     0         0      
       copy_decompress_none.c.obj     14     0         0      
       exit.c.obj                     4      0         0      
       pre_init.c.obj                 4      0         0      
    +--+------------------------------+------+---------+---------+
       Total:                         430    0         0      
                                                              
       Stack:                         0      0         512    
       Linker Generated:              0      43        0      
    +--+------------------------------+------+---------+---------+
       Grand Total:                   2590   1027      521    


LINKER GENERATED COPY TABLES

__TI_cinit_table @ 00000e20 records: 2, size/record: 8, table size: 16
	.bss: load addr=00000e10, load size=00000008 bytes, run addr=20000208, run size=00000004 bytes, compression=zero_init
	.data: load addr=00000e18, load size=00000007 bytes, run addr=20000200, run size=00000005 bytes, compression=lzss


LINKER GENERATED HANDLER TABLE

__TI_handler_table @ 00000e00 records: 3, size/record: 4, table size: 12
	index: 0, handler: __TI_decompress_lzss
	index: 1, handler: __TI_decompress_none
	index: 2, handler: __TI_zero_init


GLOBAL SYMBOLS: SORTED ALPHABETICALLY BY Name 

address   name                          
-------   ----                          
00000c8d  C$$EXIT                       
00000c23  CPUcpsie                      
00000b31  GPIODirModeSet                
000004b9  GPIOPadConfigSet              
000009bd  GPIOPinConfigure              
00000c69  GPIOPinRead                   
00000b99  GPIOPinTypeGPIOOutput         
00000bc5  GPIOPinTypeUART               
00000c6f  GPIOPinWrite                  
0000044d  InitTimer                     
000003f1  InitUART                      
0000088d  IntEnable                     
00000be9  IntMasterEnable               
20000208  Period                        
00000c2f  ResetISR                      
000005ed  SysCtlClockGet                
000006fd  SysCtlClockSet                
00000c75  SysCtlDelay                   
00000ac9  SysCtlPeripheralEnable        
00000a91  SysCtlPeripheralReady         
000002ad  Timer0IntHandler              
0000095d  TimerConfigure                
00000bf9  TimerEnable                   
00000c81  TimerIntClear                 
00000c59  TimerIntEnable                
00000bd7  TimerLoadSet                  
00000c3b  UARTCharGet                   
00000c07  UARTCharsAvail                
00000a05  UARTConfigSetExpClk           
00000b5d  UARTDisable                   
00000bb1  UARTEnable                    
00000c45  UARTFIFOEnable                
00000c7b  UARTFIFOLevelSet              
00000c85  UARTIntClear                  
00000c61  UARTIntEnable                 
00000393  UARTIntHandler                
00000c4f  UARTIntStatus                 
20000200  __STACK_END                   
00000200  __STACK_SIZE                  
20000200  __STACK_TOP                   
00000e20  __TI_CINIT_Base               
00000e30  __TI_CINIT_Limit              
00000e00  __TI_Handler_Table_Base       
00000e0c  __TI_Handler_Table_Limit      
00000a4d  __TI_auto_init_nobinit_nopinit
000008f5  __TI_decompress_lzss          
00000c15  __TI_decompress_none          
ffffffff  __TI_pprof_out_hndl           
ffffffff  __TI_prof_data_size           
ffffffff  __TI_prof_data_start          
00000000  __TI_static_base__            
00000b7d  __TI_zero_init_nomemset       
000007f1  __aeabi_memcpy                
000007f1  __aeabi_memcpy4               
000007f1  __aeabi_memcpy8               
ffffffff  __binit__                     
ffffffff  __c_args__                    
UNDEFED   __mpu_init                    
20000000  __stack                       
20000000  __start___llvm_prf_cnts       
20000000  __stop___llvm_prf_cnts        
00000afd  _c_int00_noargs               
UNDEFED   _system_post_cinit            
00000c89  _system_pre_init              
00000c8d  abort                         
ffffffff  binit                         
20000204  character                     
00000000  g_pfnVectors                  
20000200  led_select                    
0000026d  main                          
000007f1  memcpy                        


GLOBAL SYMBOLS: SORTED BY Symbol Address 

address   name                          
-------   ----                          
00000000  __TI_static_base__            
00000000  g_pfnVectors                  
00000200  __STACK_SIZE                  
0000026d  main                          
000002ad  Timer0IntHandler              
00000393  UARTIntHandler                
000003f1  InitUART                      
0000044d  InitTimer                     
000004b9  GPIOPadConfigSet              
000005ed  SysCtlClockGet                
000006fd  SysCtlClockSet                
000007f1  __aeabi_memcpy                
000007f1  __aeabi_memcpy4               
000007f1  __aeabi_memcpy8               
000007f1  memcpy                        
0000088d  IntEnable                     
000008f5  __TI_decompress_lzss          
0000095d  TimerConfigure                
000009bd  GPIOPinConfigure              
00000a05  UARTConfigSetExpClk           
00000a4d  __TI_auto_init_nobinit_nopinit
00000a91  SysCtlPeripheralReady         
00000ac9  SysCtlPeripheralEnable        
00000afd  _c_int00_noargs               
00000b31  GPIODirModeSet                
00000b5d  UARTDisable                   
00000b7d  __TI_zero_init_nomemset       
00000b99  GPIOPinTypeGPIOOutput         
00000bb1  UARTEnable                    
00000bc5  GPIOPinTypeUART               
00000bd7  TimerLoadSet                  
00000be9  IntMasterEnable               
00000bf9  TimerEnable                   
00000c07  UARTCharsAvail                
00000c15  __TI_decompress_none          
00000c23  CPUcpsie                      
00000c2f  ResetISR                      
00000c3b  UARTCharGet                   
00000c45  UARTFIFOEnable                
00000c4f  UARTIntStatus                 
00000c59  TimerIntEnable                
00000c61  UARTIntEnable                 
00000c69  GPIOPinRead                   
00000c6f  GPIOPinWrite                  
00000c75  SysCtlDelay                   
00000c7b  UARTFIFOLevelSet              
00000c81  TimerIntClear                 
00000c85  UARTIntClear                  
00000c89  _system_pre_init              
00000c8d  C$$EXIT                       
00000c8d  abort                         
00000e00  __TI_Handler_Table_Base       
00000e0c  __TI_Handler_Table_Limit      
00000e20  __TI_CINIT_Base               
00000e30  __TI_CINIT_Limit              
20000000  __stack                       
20000000  __start___llvm_prf_cnts       
20000000  __stop___llvm_prf_cnts        
20000200  __STACK_END                   
20000200  __STACK_TOP                   
20000200  led_select                    
20000204  character                     
20000208  Period                        
ffffffff  __TI_pprof_out_hndl           
ffffffff  __TI_prof_data_size           
ffffffff  __TI_prof_data_start          
ffffffff  __binit__                     
ffffffff  __c_args__                    
ffffffff  binit                         
UNDEFED   __mpu_init                    
UNDEFED   _system_post_cinit            

[71 symbols]
