Microchip MPLAB XC8 Compiler V2.31

Linker command line:

-W-3 --edf=C:\Program Files\Microchip\xc8\v2.31\pic\dat\en_msgs.txt -cn \
  -h+dist/default/production\mcu1_master.X.production.sym \
  --cmf=dist/default/production\mcu1_master.X.production.cmf -z -Q16F887 \
  -oC:\Users\HP\AppData\Local\Temp\sek0.2 --defsym=__MPLAB_BUILD=1 \
  -Mdist/default/production/mcu1_master.X.production.map -E1 \
  -ver=XC8 Compiler --acfsm=1493 -ASTACK=0110h-016Fh -pstack=STACK \
  -ACODE=00h-07FFhx4 -ASTRCODE=00h-01FFFh -ASTRING=00h-0FFhx32 \
  -ACONST=00h-0FFhx32 -AENTRY=00h-0FFhx32 -ACOMMON=070h-07Fh \
  -ABANK0=020h-06Fh -ABANK1=0A0h-0EFh -ABANK2=0110h-016Fh \
  -ABANK3=0190h-01EFh -ARAM=020h-06Fh,0A0h-0EFh,0110h-016Fh,0190h-01EFh \
  -AABS1=020h-07Fh,0A0h-0EFh,0110h-016Fh,0190h-01EFh -ASFR0=00h-01Fh \
  -ASFR1=080h-09Fh -ASFR2=0100h-010Fh -ASFR3=0180h-018Fh \
  -ACONFIG=02007h-02008h -DCONFIG=2 -AIDLOC=02000h-02003h -DIDLOC=2 \
  -AEEDATA=00h-0FFh/02100h -peeprom_data=EEDATA -DEEDATA=2 -DCODE=2 \
  -DSTRCODE=2 -DSTRING=2 -DCONST=2 -DENTRY=2 \
  -preset_vec=00h,intentry=04h,init,end_init -ppowerup=CODE -pcinit=CODE \
  -pfunctab=ENTRY -k C:\Users\HP\AppData\Local\Temp\sek0.o \
  dist/default/production\mcu1_master.X.production.o 

Object code version is 3.11

Machine type is 16F887



                Name                               Link     Load   Length Selector   Space Scale
C:\Users\HP\AppData\Local\Temp\sek0.o
                end_init                              C        C        3        8       0
                reset_vec                             0        0        3        0       0
                config                             2007     2007        2        0       4
dist/default/production\mcu1_master.X.production.o
                cinit                                 F        F       15        8       0
                intentry                              4        4        8        8       0
                config                             2007     2007        2        0       4
                text13                              406      406        7      746       0
                text12                              2D5      2D5       3E        8       0
                text11                              3C7      3C7       1A      746       0
                text10                              3FF      3FF        7      746       0
                text9                               1BE      1BE       4B        8       0
                text8                               3A3      3A3       24      746       0
                text7                               3E1      3E1       16      746       0
                text6                               209      209       46        8       0
                text5                               24F      24F       44        8       0
                text4                               313      313       3C        8       0
                text3                                24       24       EA        8       0
                text2                               10E      10E       B0        8       0
                text1                               34F      34F       2B        8       0
                maintext                            293      293       42        8       0
                cstackBANK0                          20       20       18       20       1
                cstackCOMMON                         70       70        A       70       1
                clrtext                             3F7      3F7        8      746       0
                dataBANK0                            4E       4E        1       20       1
                bssBANK0                             38       38       16       20       1
                bssCOMMON                            7A       7A        2       70       1
                strings                             37A      37A       29      6F4       0
                idataBANK0                          40D      40D        1      746       0

TOTAL           Name                               Link     Load   Length     Space
        CLASS   STACK          

        CLASS   CODE           
                end_init                              C        C        3         0
                cinit                                 F        F       15         0
                intentry                              4        4        8         0
                reset_vec                             0        0        3         0
                text13                              406      406        7         0
                text12                              2D5      2D5       3E         0
                text11                              3C7      3C7       1A         0
                text10                              3FF      3FF        7         0
                text9                               1BE      1BE       4B         0
                text8                               3A3      3A3       24         0
                text7                               3E1      3E1       16         0
                text6                               209      209       46         0
                text5                               24F      24F       44         0
                text4                               313      313       3C         0
                text3                                24       24       EA         0
                text2                               10E      10E       B0         0
                text1                               34F      34F       2B         0
                maintext                            293      293       42         0
                clrtext                             3F7      3F7        8         0
                idataBANK0                          40D      40D        1         0

        CLASS   STRCODE        

        CLASS   STRING         
                strings                             37A      37A       29         0

        CLASS   CONST          

        CLASS   ENTRY          

        CLASS   COMMON         
                cstackCOMMON                         70       70        A         1
                bssCOMMON                            7A       7A        2         1

        CLASS   BANK0          
                cstackBANK0                          20       20       18         1
                dataBANK0                            4E       4E        1         1
                bssBANK0                             38       38       16         1

        CLASS   BANK1          

        CLASS   BANK2          

        CLASS   BANK3          

        CLASS   RAM            

        CLASS   ABS1           
                abs_s1                               7E       7E        2         1

        CLASS   SFR0           

        CLASS   SFR1           

        CLASS   SFR2           

        CLASS   SFR3           

        CLASS   CONFIG         
                config                             2007     2007        2         4

        CLASS   IDLOC          

        CLASS   EEDATA         



SEGMENTS        Name                           Load    Length   Top    Selector   Space  Class     Delta

                reset_vec                      000000  000003  000003         0       0  CODE        2
                intentry                       000004  000376  00037A         8       0  CODE        2
                cstackBANK0                    000020  00002F  00004F        20       1  BANK0       1
                cstackCOMMON                   000070  00000C  00007C        70       1  COMMON      1
                strings                        00037A  000029  0003A3       6F4       0  STRING      2
                text8                          0003A3  00006B  00040E       746       0  CODE        2


UNUSED ADDRESS RANGES

        Name                Unused          Largest block    Delta
        BANK0            004F-006F             21           1
        BANK1            00A0-00EF             50           1
        BANK2            0110-016F             60           1
        BANK3            0190-01EF             60           1
        CODE             0003-0003              1           2
                         040E-1FFF            800
        COMMON           007C-007D              2           1
        CONST            0003-0003              1           2
                         040E-1FFF            100
        EEDATA           2100-21FF            100           2
        ENTRY            0003-0003              1           2
                         040E-1FFF            100
        IDLOC            2000-2003              4           2
        RAM              004F-006F             21           1
                         00A0-00EF             50
                         0110-016F             60
                         0190-01EF             60
        SFR0             0000-001F             20           1
        SFR1             0080-009F             20           1
        SFR2             0100-010F             10           1
        SFR3             0180-018F             10           1
        STACK            0110-016F             60           1
        STRCODE          0003-0003              1           2
                         040E-1FFF           1BF2
        STRING           0003-0003              1           2
                         040E-1FFF            100

                                  Symbol Table

?___lwdiv                  cstackCOMMON 0072
?___lwmod                  cstackBANK0  0020
?_sprintf                  cstackBANK0  0026
Lcd_Cmd@a                  cstackCOMMON 0075
Lcd_Port@a                 cstackCOMMON 0072
Lcd_Set_Cursor@a           cstackCOMMON 0078
Lcd_Set_Cursor@b           cstackCOMMON 0076
Lcd_Set_Cursor@temp        cstackCOMMON 0079
Lcd_Write_Char@a           cstackCOMMON 0074
Lcd_Write_String@a         cstackCOMMON 0075
Lcd_Write_String@i         cstackBANK0  0020
_ANSEL                     (abs)        0188
_ANSELH                    (abs)        0189
_Lcd_Clear                 text10       03FF
_Lcd_Cmd                   text11       03C7
_Lcd_Init                  text9        01BE
_Lcd_Port                  text12       02D5
_Lcd_Set_Cursor            text8        03A3
_Lcd_Write_Char            text7        03E1
_Lcd_Write_String          text6        0209
_PORTA                     (abs)        0005
_PORTB                     (abs)        0006
_PORTBbits                 (abs)        0006
_PORTC                     (abs)        0007
_PORTD                     (abs)        0008
_PORTE                     (abs)        0009
_RD0                       (abs)        0040
_RD1                       (abs)        0041
_RD2                       (abs)        0042
_RD3                       (abs)        0043
_RD4                       (abs)        0044
_RD5                       (abs)        0045
_RD6                       (abs)        0046
_RD7                       (abs)        0047
_RE0                       (abs)        0048
_RE1                       (abs)        0049
_S1                        dataBANK0    004E
_SSPBUF                    (abs)        0013
_SSPCON                    (abs)        0014
_SSPSTAT                   (abs)        0094
_SSPSTATbits               (abs)        0094
_TRISA                     (abs)        0085
_TRISB                     (abs)        0086
_TRISC                     (abs)        0087
_TRISD                     (abs)        0088
_TRISE                     (abs)        0089
__Habs1                    abs1         0000
__Hbank0                   bank0        0000
__Hbank1                   bank1        0000
__Hbank2                   bank2        0000
__Hbank3                   bank3        0000
__HbssBANK0                bssBANK0     0000
__HbssCOMMON               bssCOMMON    0000
__Hcinit                   cinit        0024
__Hclrtext                 clrtext      0000
__Hcode                    code         0000
__Hcommon                  common       0000
__Hconfig                  config       2009
__HcstackBANK0             cstackBANK0  0000
__HcstackCOMMON            cstackCOMMON 0000
__HdataBANK0               dataBANK0    0000
__Heeprom_data             eeprom_data  0000
__Hend_init                end_init     000F
__Hfunctab                 functab      0000
__HidataBANK0              idataBANK0   0000
__Hinit                    init         000C
__Hintentry                intentry     000C
__Hmaintext                maintext     0000
__Hpowerup                 powerup      0000
__Hram                     ram          0000
__Hreset_vec               reset_vec    0003
__Hsfr0                    sfr0         0000
__Hsfr1                    sfr1         0000
__Hsfr2                    sfr2         0000
__Hsfr3                    sfr3         0000
__Hspace_0                 (abs)        040E
__Hspace_1                 (abs)        007C
__Hspace_2                 (abs)        0000
__Hspace_3                 (abs)        0000
__Hspace_4                 (abs)        4010
__Hstack                   stack        0000
__Hstrings                 strings      0000
__Htext                    text         0000
__Labs1                    abs1         0000
__Lbank0                   bank0        0000
__Lbank1                   bank1        0000
__Lbank2                   bank2        0000
__Lbank3                   bank3        0000
__LbssBANK0                bssBANK0     0000
__LbssCOMMON               bssCOMMON    0000
__Lcinit                   cinit        000F
__Lclrtext                 clrtext      0000
__Lcode                    code         0000
__Lcommon                  common       0000
__Lconfig                  config       0000
__LcstackBANK0             cstackBANK0  0000
__LcstackCOMMON            cstackCOMMON 0000
__LdataBANK0               dataBANK0    0000
__Leeprom_data             eeprom_data  0000
__Lend_init                end_init     000C
__Lfunctab                 functab      0000
__LidataBANK0              idataBANK0   0000
__Linit                    init         000C
__Lintentry                intentry     0004
__Lmaintext                maintext     0000
__Lpowerup                 powerup      0000
__Lram                     ram          0000
__Lreset_vec               reset_vec    0000
__Lsfr0                    sfr0         0000
__Lsfr1                    sfr1         0000
__Lsfr2                    sfr2         0000
__Lsfr3                    sfr3         0000
__Lspace_0                 (abs)        0000
__Lspace_1                 (abs)        0000
__Lspace_2                 (abs)        0000
__Lspace_3                 (abs)        0000
__Lspace_4                 (abs)        0000
__Lstack                   stack        0000
__Lstrings                 strings      0000
__Ltext                    text         0000
__S0                       (abs)        040E
__S1                       (abs)        007C
__S2                       (abs)        0000
__S3                       (abs)        0000
___int_sp                  stack        0000
___latbits                 (abs)        0002
___lwdiv                   text5        024F
___lwdiv@counter           cstackCOMMON 0079
___lwdiv@dividend          cstackCOMMON 0074
___lwdiv@divisor           cstackCOMMON 0072
___lwdiv@quotient          cstackCOMMON 0077
___lwmod                   text4        0313
___lwmod@counter           cstackBANK0  0025
___lwmod@dividend          cstackBANK0  0022
___lwmod@divisor           cstackBANK0  0020
___sp                      stack        0000
___stackhi                 (abs)        0000
___stacklo                 (abs)        0000
__end_of_Lcd_Clear         text10       0406
__end_of_Lcd_Cmd           text11       03E1
__end_of_Lcd_Init          text9        0209
__end_of_Lcd_Port          text12       0313
__end_of_Lcd_Set_Cursor    text8        03C7
__end_of_Lcd_Write_Char    text7        03F7
__end_of_Lcd_Write_String  text6        024F
__end_of___lwdiv           text5        0293
__end_of___lwmod           text4        034F
__end_of__initialization   cinit        0020
__end_of__stringtab        strings      038A
__end_of_dpowers           strings      0394
__end_of_isr               text13       040D
__end_of_main              maintext     02D5
__end_of_mostrar           text2        01BE
__end_of_setup             text1        037A
__end_of_sprintf           text3        010E
__initialization           cinit        000F
__pbssBANK0                bssBANK0     0038
__pbssCOMMON               bssCOMMON    007A
__pcstackBANK0             cstackBANK0  0020
__pcstackCOMMON            cstackCOMMON 0070
__pdataBANK0               dataBANK0    004E
__pidataBANK0              idataBANK0   040D
__pintentry                intentry     0004
__pmaintext                maintext     0293
__pstrings                 strings      037A
__ptext1                   text1        034F
__ptext10                  text10       03FF
__ptext11                  text11       03C7
__ptext12                  text12       02D5
__ptext13                  text13       0406
__ptext2                   text2        010E
__ptext3                   text3        0024
__ptext4                   text4        0313
__ptext5                   text5        024F
__ptext6                   text6        0209
__ptext7                   text7        03E1
__ptext8                   text8        03A3
__ptext9                   text9        01BE
__size_of_Lcd_Clear        (abs)        0000
__size_of_Lcd_Cmd          (abs)        0000
__size_of_Lcd_Init         (abs)        0000
__size_of_Lcd_Port         (abs)        0000
__size_of_Lcd_Set_Cursor   (abs)        0000
__size_of_Lcd_Write_Char   (abs)        0000
__size_of_Lcd_Write_String (abs)        0000
__size_of___lwdiv          (abs)        0000
__size_of___lwmod          (abs)        0000
__size_of_isr              (abs)        0000
__size_of_main             (abs)        0000
__size_of_mostrar          (abs)        0000
__size_of_setup            (abs)        0000
__size_of_sprintf          (abs)        0000
__stringbase               strings      0389
__stringtab                strings      037A
_dpowers                   strings      038A
_isr                       text13       0406
_main                      maintext     0293
_mostrar                   text2        010E
_s                         bssBANK0     003A
_setup                     text1        034F
_sprintf                   text3        0024
btemp                      (abs)        007E
clear_ram0                 clrtext      03F7
end_of_initialization      cinit        0020
interrupt_function         intentry     0004
intlevel0                  functab      0000
intlevel1                  functab      0000
intlevel2                  functab      0000
intlevel3                  functab      0000
intlevel4                  functab      0000
intlevel5                  functab      0000
reset_vec                  reset_vec    0000
saved_w                    (abs)        007E
sprintf@ap                 cstackBANK0  002C
sprintf@c                  cstackBANK0  0032
sprintf@f                  cstackBANK0  0026
sprintf@flag               cstackBANK0  002D
sprintf@prec               cstackBANK0  002E
sprintf@sp                 cstackBANK0  0031
sprintf@val                cstackBANK0  002F
start                      init         000C
start_initialization       cinit        000F
wtemp0                     (abs)        007E


FUNCTION INFORMATION:

 *************** function _main *****************
 Defined at:
		line 84 in file "mcu1_master.c"
 Parameters:    Size  Location     Type
		None
 Auto vars:     Size  Location     Type
		None
 Return value:  Size  Location     Type
                  1    wreg      void 
 Registers used:
		wreg, fsr0l, fsr0h, status,2, status,0, btemp+1, pclath, cstack
 Tracked objects:
		On entry : 
		On exit  : 
		Unchanged: 
 Data sizes:     COMMON   BANK0   BANK1   BANK3   BANK2
      Params:         0       0       0       0       0
      Locals:         0       0       0       0       0
      Temps:          0       2       0       0       0
      Totals:         0       2       0       0       0
Total ram usage:        2 bytes
 Hardware stack levels required when called:    5
 This function calls:
		_Lcd_Clear
		_Lcd_Init
		_mostrar
		_setup
 This function is called by:
		Startup code after reset
 This function uses a non-reentrant model


 *************** function _setup *****************
 Defined at:
		line 109 in file "mcu1_master.c"
 Parameters:    Size  Location     Type
		None
 Auto vars:     Size  Location     Type
		None
 Return value:  Size  Location     Type
                  1    wreg      void 
 Registers used:
		wreg, status,2
 Tracked objects:
		On entry : 
		On exit  : 
		Unchanged: 
 Data sizes:     COMMON   BANK0   BANK1   BANK3   BANK2
      Params:         0       0       0       0       0
      Locals:         0       0       0       0       0
      Temps:          0       0       0       0       0
      Totals:         0       0       0       0       0
Total ram usage:        0 bytes
 Hardware stack levels used:    1
 Hardware stack levels required when called:    1
 This function calls:
		Nothing
 This function is called by:
		_main
 This function uses a non-reentrant model


 *************** function _mostrar *****************
 Defined at:
		line 129 in file "mcu1_master.c"
 Parameters:    Size  Location     Type
		None
 Auto vars:     Size  Location     Type
		None
 Return value:  Size  Location     Type
                  1    wreg      void 
 Registers used:
		wreg, fsr0l, fsr0h, status,2, status,0, btemp+1, pclath, cstack
 Tracked objects:
		On entry : 
		On exit  : 
		Unchanged: 
 Data sizes:     COMMON   BANK0   BANK1   BANK3   BANK2
      Params:         0       0       0       0       0
      Locals:         0       0       0       0       0
      Temps:          0       3       0       0       0
      Totals:         0       3       0       0       0
Total ram usage:        3 bytes
 Hardware stack levels used:    1
 Hardware stack levels required when called:    4
 This function calls:
		_Lcd_Set_Cursor
		_Lcd_Write_String
		_sprintf
 This function is called by:
		_main
 This function uses a non-reentrant model


 *************** function _sprintf *****************
 Defined at:
		line 505 in file "C:\Program Files\Microchip\xc8\v2.31\pic\sources\c90\common\doprnt.c"
 Parameters:    Size  Location     Type
  sp              1    wreg     PTR unsigned char 
		 -> s(20), 
  f               1    6[BANK0 ] PTR const unsigned char 
		 -> STR_6(3), STR_5(3), STR_4(3), 
 Auto vars:     Size  Location     Type
  sp              1   17[BANK0 ] PTR unsigned char 
		 -> s(20), 
  tmpval          4    0        struct .
  val             2   15[BANK0 ] unsigned int 
  cp              2    0        PTR const unsigned char 
  len             2    0        unsigned int 
  c               1   18[BANK0 ] unsigned char 
  prec            1   14[BANK0 ] char 
  flag            1   13[BANK0 ] unsigned char 
  ap              1   12[BANK0 ] PTR void [1]
		 -> ?_sprintf(2), 
 Return value:  Size  Location     Type
                  2    6[BANK0 ] int 
 Registers used:
		wreg, fsr0l, fsr0h, status,2, status,0, btemp+1, pclath, cstack
 Tracked objects:
		On entry : 
		On exit  : 
		Unchanged: 
 Data sizes:     COMMON   BANK0   BANK1   BANK3   BANK2
      Params:         0       3       0       0       0
      Locals:         0       7       0       0       0
      Temps:          0       3       0       0       0
      Totals:         0      13       0       0       0
Total ram usage:       13 bytes
 Hardware stack levels used:    1
 Hardware stack levels required when called:    2
 This function calls:
		___lwdiv
		___lwmod
 This function is called by:
		_mostrar
 This function uses a non-reentrant model


 *************** function ___lwmod *****************
 Defined at:
		line 5 in file "C:\Program Files\Microchip\xc8\v2.31\pic\sources\c90\common\lwmod.c"
 Parameters:    Size  Location     Type
  divisor         2    0[BANK0 ] unsigned int 
  dividend        2    2[BANK0 ] unsigned int 
 Auto vars:     Size  Location     Type
  counter         1    5[BANK0 ] unsigned char 
 Return value:  Size  Location     Type
                  2    0[BANK0 ] unsigned int 
 Registers used:
		wreg, status,2, status,0
 Tracked objects:
		On entry : 
		On exit  : 
		Unchanged: 
 Data sizes:     COMMON   BANK0   BANK1   BANK3   BANK2
      Params:         0       4       0       0       0
      Locals:         0       1       0       0       0
      Temps:          0       1       0       0       0
      Totals:         0       6       0       0       0
Total ram usage:        6 bytes
 Hardware stack levels used:    1
 Hardware stack levels required when called:    1
 This function calls:
		Nothing
 This function is called by:
		_sprintf
 This function uses a non-reentrant model


 *************** function ___lwdiv *****************
 Defined at:
		line 5 in file "C:\Program Files\Microchip\xc8\v2.31\pic\sources\c90\common\lwdiv.c"
 Parameters:    Size  Location     Type
  divisor         2    2[COMMON] unsigned int 
  dividend        2    4[COMMON] unsigned int 
 Auto vars:     Size  Location     Type
  quotient        2    7[COMMON] unsigned int 
  counter         1    9[COMMON] unsigned char 
 Return value:  Size  Location     Type
                  2    2[COMMON] unsigned int 
 Registers used:
		wreg, status,2, status,0
 Tracked objects:
		On entry : 
		On exit  : 
		Unchanged: 
 Data sizes:     COMMON   BANK0   BANK1   BANK3   BANK2
      Params:         4       0       0       0       0
      Locals:         3       0       0       0       0
      Temps:          1       0       0       0       0
      Totals:         8       0       0       0       0
Total ram usage:        8 bytes
 Hardware stack levels used:    1
 Hardware stack levels required when called:    1
 This function calls:
		Nothing
 This function is called by:
		_sprintf
 This function uses a non-reentrant model


 *************** function _Lcd_Write_String *****************
 Defined at:
		line 109 in file "lcd_library.c"
 Parameters:    Size  Location     Type
  a               2    5[COMMON] PTR unsigned char 
		 -> s(20), STR_3(4), STR_2(4), STR_1(4), 
 Auto vars:     Size  Location     Type
  i               2    0[BANK0 ] int 
 Return value:  Size  Location     Type
                  1    wreg      void 
 Registers used:
		wreg, fsr0l, fsr0h, status,2, status,0, btemp+1, pclath, cstack
 Tracked objects:
		On entry : 
		On exit  : 
		Unchanged: 
 Data sizes:     COMMON   BANK0   BANK1   BANK3   BANK2
      Params:         2       0       0       0       0
      Locals:         0       2       0       0       0
      Temps:          3       0       0       0       0
      Totals:         5       2       0       0       0
Total ram usage:        7 bytes
 Hardware stack levels used:    1
 Hardware stack levels required when called:    3
 This function calls:
		_Lcd_Write_Char
 This function is called by:
		_mostrar
 This function uses a non-reentrant model


 *************** function _Lcd_Write_Char *****************
 Defined at:
		line 100 in file "lcd_library.c"
 Parameters:    Size  Location     Type
  a               1    wreg     unsigned char 
 Auto vars:     Size  Location     Type
  a               1    4[COMMON] unsigned char 
 Return value:  Size  Location     Type
                  1    wreg      void 
 Registers used:
		wreg, status,2, status,0, pclath, cstack
 Tracked objects:
		On entry : 
		On exit  : 
		Unchanged: 
 Data sizes:     COMMON   BANK0   BANK1   BANK3   BANK2
      Params:         0       0       0       0       0
      Locals:         1       0       0       0       0
      Temps:          1       0       0       0       0
      Totals:         2       0       0       0       0
Total ram usage:        2 bytes
 Hardware stack levels used:    1
 Hardware stack levels required when called:    2
 This function calls:
		_Lcd_Port
 This function is called by:
		_Lcd_Write_String
 This function uses a non-reentrant model


 *************** function _Lcd_Set_Cursor *****************
 Defined at:
		line 69 in file "lcd_library.c"
 Parameters:    Size  Location     Type
  a               1    wreg     unsigned char 
  b               1    6[COMMON] unsigned char 
 Auto vars:     Size  Location     Type
  a               1    8[COMMON] unsigned char 
  temp            1    9[COMMON] unsigned char 
 Return value:  Size  Location     Type
                  1    wreg      void 
 Registers used:
		wreg, status,2, status,0, pclath, cstack
 Tracked objects:
		On entry : 
		On exit  : 
		Unchanged: 
 Data sizes:     COMMON   BANK0   BANK1   BANK3   BANK2
      Params:         1       0       0       0       0
      Locals:         2       0       0       0       0
      Temps:          1       0       0       0       0
      Totals:         4       0       0       0       0
Total ram usage:        4 bytes
 Hardware stack levels used:    1
 Hardware stack levels required when called:    3
 This function calls:
		_Lcd_Cmd
 This function is called by:
		_mostrar
 This function uses a non-reentrant model


 *************** function _Lcd_Init *****************
 Defined at:
		line 84 in file "lcd_library.c"
 Parameters:    Size  Location     Type
		None
 Auto vars:     Size  Location     Type
		None
 Return value:  Size  Location     Type
                  1    wreg      void 
 Registers used:
		wreg, status,2, status,0, pclath, cstack
 Tracked objects:
		On entry : 
		On exit  : 
		Unchanged: 
 Data sizes:     COMMON   BANK0   BANK1   BANK3   BANK2
      Params:         0       0       0       0       0
      Locals:         0       0       0       0       0
      Temps:          2       0       0       0       0
      Totals:         2       0       0       0       0
Total ram usage:        2 bytes
 Hardware stack levels used:    1
 Hardware stack levels required when called:    3
 This function calls:
		_Lcd_Cmd
		_Lcd_Port
 This function is called by:
		_main
 This function uses a non-reentrant model


 *************** function _Lcd_Clear *****************
 Defined at:
		line 64 in file "lcd_library.c"
 Parameters:    Size  Location     Type
		None
 Auto vars:     Size  Location     Type
		None
 Return value:  Size  Location     Type
                  1    wreg      void 
 Registers used:
		wreg, status,2, status,0, pclath, cstack
 Tracked objects:
		On entry : 
		On exit  : 
		Unchanged: 
 Data sizes:     COMMON   BANK0   BANK1   BANK3   BANK2
      Params:         0       0       0       0       0
      Locals:         0       0       0       0       0
      Temps:          0       0       0       0       0
      Totals:         0       0       0       0       0
Total ram usage:        0 bytes
 Hardware stack levels used:    1
 Hardware stack levels required when called:    3
 This function calls:
		_Lcd_Cmd
 This function is called by:
		_main
 This function uses a non-reentrant model


 *************** function _Lcd_Cmd *****************
 Defined at:
		line 55 in file "lcd_library.c"
 Parameters:    Size  Location     Type
  a               1    wreg     unsigned char 
 Auto vars:     Size  Location     Type
  a               1    5[COMMON] unsigned char 
 Return value:  Size  Location     Type
                  1    wreg      void 
 Registers used:
		wreg, status,2, status,0, pclath, cstack
 Tracked objects:
		On entry : 
		On exit  : 
		Unchanged: 
 Data sizes:     COMMON   BANK0   BANK1   BANK3   BANK2
      Params:         0       0       0       0       0
      Locals:         1       0       0       0       0
      Temps:          2       0       0       0       0
      Totals:         3       0       0       0       0
Total ram usage:        3 bytes
 Hardware stack levels used:    1
 Hardware stack levels required when called:    2
 This function calls:
		_Lcd_Port
 This function is called by:
		_Lcd_Clear
		_Lcd_Set_Cursor
		_Lcd_Init
 This function uses a non-reentrant model


 *************** function _Lcd_Port *****************
 Defined at:
		line 12 in file "lcd_library.c"
 Parameters:    Size  Location     Type
  a               1    wreg     unsigned char 
 Auto vars:     Size  Location     Type
  a               1    2[COMMON] unsigned char 
 Return value:  Size  Location     Type
                  1    wreg      void 
 Registers used:
		wreg
 Tracked objects:
		On entry : 
		On exit  : 
		Unchanged: 
 Data sizes:     COMMON   BANK0   BANK1   BANK3   BANK2
      Params:         0       0       0       0       0
      Locals:         1       0       0       0       0
      Temps:          0       0       0       0       0
      Totals:         1       0       0       0       0
Total ram usage:        1 bytes
 Hardware stack levels used:    1
 Hardware stack levels required when called:    1
 This function calls:
		Nothing
 This function is called by:
		_Lcd_Cmd
		_Lcd_Init
		_Lcd_Write_Char
 This function uses a non-reentrant model


 *************** function _isr *****************
 Defined at:
		line 70 in file "mcu1_master.c"
 Parameters:    Size  Location     Type
		None
 Auto vars:     Size  Location     Type
		None
 Return value:  Size  Location     Type
                  1    wreg      void 
 Registers used:
		None
 Tracked objects:
		On entry : 
		On exit  : 
		Unchanged: 
 Data sizes:     COMMON   BANK0   BANK1   BANK3   BANK2
      Params:         0       0       0       0       0
      Locals:         0       0       0       0       0
      Temps:          2       0       0       0       0
      Totals:         2       0       0       0       0
Total ram usage:        2 bytes
 Hardware stack levels used:    1
 This function calls:
		Nothing
 This function is called by:
		Interrupt level 1
 This function uses a non-reentrant model



MODULE INFORMATION

Module		Function		Class		Link	Load	Size
C:\Program Files\Microchip\xc8\v2.31\pic\sources\c90\common\doprnt.c
		_sprintf       		CODE           	0024	0000	234

C:\Program Files\Microchip\xc8\v2.31\pic\sources\c90\common\doprnt.c estimated size: 234

C:\Program Files\Microchip\xc8\v2.31\pic\sources\c90\common\lwmod.c
		___lwmod       		CODE           	0313	0000	60

C:\Program Files\Microchip\xc8\v2.31\pic\sources\c90\common\lwmod.c estimated size: 60

mcu1_master.c
		_main          		CODE           	0293	0000	66
		_isr           		CODE           	0406	0000	7
		_setup         		CODE           	034F	0000	43
		_mostrar       		CODE           	010E	0000	176

mcu1_master.c estimated size: 292

C:\Program Files\Microchip\xc8\v2.31\pic\sources\c90\common\lwdiv.c
		___lwdiv       		CODE           	024F	0000	68

C:\Program Files\Microchip\xc8\v2.31\pic\sources\c90\common\lwdiv.c estimated size: 68

shared
		__stringtab    		STRING         	037A	0000	16
		_dpowers       		STRING         	038A	0000	10
		__initialization		CODE           	000F	0000	17

shared estimated size: 43

lcd_library.c
		_Lcd_Write_String		CODE           	0209	0000	70
		_Lcd_Init      		CODE           	01BE	0000	75
		_Lcd_Write_Char		CODE           	03E1	0000	22
		_Lcd_Cmd       		CODE           	03C7	0000	26
		_Lcd_Set_Cursor		CODE           	03A3	0000	36
		_Lcd_Clear     		CODE           	03FF	0000	7
		_Lcd_Port      		CODE           	02D5	0000	62

lcd_library.c estimated size: 298



FUNCTION INFORMATION:

 *************** function _main *****************
 Defined at:
		line 84 in file "mcu1_master.c"
 Parameters:    Size  Location     Type
		None
 Auto vars:     Size  Location     Type
		None
 Return value:  Size  Location     Type
                  1    wreg      void 
 Registers used:
		wreg, fsr0l, fsr0h, status,2, status,0, btemp+1, pclath, cstack
 Tracked objects:
		On entry : 
		On exit  : 
		Unchanged: 
 Data sizes:     COMMON   BANK0   BANK1   BANK3   BANK2
      Params:         0       0       0       0       0
      Locals:         0       0       0       0       0
      Temps:          0       2       0       0       0
      Totals:         0       2       0       0       0
Total ram usage:        2 bytes
 Hardware stack levels required when called:    5
 This function calls:
		_Lcd_Clear
		_Lcd_Init
		_mostrar
		_setup
 This function is called by:
		Startup code after reset
 This function uses a non-reentrant model


 *************** function _setup *****************
 Defined at:
		line 109 in file "mcu1_master.c"
 Parameters:    Size  Location     Type
		None
 Auto vars:     Size  Location     Type
		None
 Return value:  Size  Location     Type
                  1    wreg      void 
 Registers used:
		wreg, status,2
 Tracked objects:
		On entry : 
		On exit  : 
		Unchanged: 
 Data sizes:     COMMON   BANK0   BANK1   BANK3   BANK2
      Params:         0       0       0       0       0
      Locals:         0       0       0       0       0
      Temps:          0       0       0       0       0
      Totals:         0       0       0       0       0
Total ram usage:        0 bytes
 Hardware stack levels used:    1
 Hardware stack levels required when called:    1
 This function calls:
		Nothing
 This function is called by:
		_main
 This function uses a non-reentrant model


 *************** function _mostrar *****************
 Defined at:
		line 129 in file "mcu1_master.c"
 Parameters:    Size  Location     Type
		None
 Auto vars:     Size  Location     Type
		None
 Return value:  Size  Location     Type
                  1    wreg      void 
 Registers used:
		wreg, fsr0l, fsr0h, status,2, status,0, btemp+1, pclath, cstack
 Tracked objects:
		On entry : 
		On exit  : 
		Unchanged: 
 Data sizes:     COMMON   BANK0   BANK1   BANK3   BANK2
      Params:         0       0       0       0       0
      Locals:         0       0       0       0       0
      Temps:          0       3       0       0       0
      Totals:         0       3       0       0       0
Total ram usage:        3 bytes
 Hardware stack levels used:    1
 Hardware stack levels required when called:    4
 This function calls:
		_Lcd_Set_Cursor
		_Lcd_Write_String
		_sprintf
 This function is called by:
		_main
 This function uses a non-reentrant model


 *************** function _sprintf *****************
 Defined at:
		line 505 in file "C:\Program Files\Microchip\xc8\v2.31\pic\sources\c90\common\doprnt.c"
 Parameters:    Size  Location     Type
  sp              1    wreg     PTR unsigned char 
		 -> s(20), 
  f               1    6[BANK0 ] PTR const unsigned char 
		 -> STR_6(3), STR_5(3), STR_4(3), 
 Auto vars:     Size  Location     Type
  sp              1   17[BANK0 ] PTR unsigned char 
		 -> s(20), 
  tmpval          4    0        struct .
  val             2   15[BANK0 ] unsigned int 
  cp              2    0        PTR const unsigned char 
  len             2    0        unsigned int 
  c               1   18[BANK0 ] unsigned char 
  prec            1   14[BANK0 ] char 
  flag            1   13[BANK0 ] unsigned char 
  ap              1   12[BANK0 ] PTR void [1]
		 -> ?_sprintf(2), 
 Return value:  Size  Location     Type
                  2    6[BANK0 ] int 
 Registers used:
		wreg, fsr0l, fsr0h, status,2, status,0, btemp+1, pclath, cstack
 Tracked objects:
		On entry : 
		On exit  : 
		Unchanged: 
 Data sizes:     COMMON   BANK0   BANK1   BANK3   BANK2
      Params:         0       3       0       0       0
      Locals:         0       7       0       0       0
      Temps:          0       3       0       0       0
      Totals:         0      13       0       0       0
Total ram usage:       13 bytes
 Hardware stack levels used:    1
 Hardware stack levels required when called:    2
 This function calls:
		___lwdiv
		___lwmod
 This function is called by:
		_mostrar
 This function uses a non-reentrant model


 *************** function ___lwmod *****************
 Defined at:
		line 5 in file "C:\Program Files\Microchip\xc8\v2.31\pic\sources\c90\common\lwmod.c"
 Parameters:    Size  Location     Type
  divisor         2    0[BANK0 ] unsigned int 
  dividend        2    2[BANK0 ] unsigned int 
 Auto vars:     Size  Location     Type
  counter         1    5[BANK0 ] unsigned char 
 Return value:  Size  Location     Type
                  2    0[BANK0 ] unsigned int 
 Registers used:
		wreg, status,2, status,0
 Tracked objects:
		On entry : 
		On exit  : 
		Unchanged: 
 Data sizes:     COMMON   BANK0   BANK1   BANK3   BANK2
      Params:         0       4       0       0       0
      Locals:         0       1       0       0       0
      Temps:          0       1       0       0       0
      Totals:         0       6       0       0       0
Total ram usage:        6 bytes
 Hardware stack levels used:    1
 Hardware stack levels required when called:    1
 This function calls:
		Nothing
 This function is called by:
		_sprintf
 This function uses a non-reentrant model


 *************** function ___lwdiv *****************
 Defined at:
		line 5 in file "C:\Program Files\Microchip\xc8\v2.31\pic\sources\c90\common\lwdiv.c"
 Parameters:    Size  Location     Type
  divisor         2    2[COMMON] unsigned int 
  dividend        2    4[COMMON] unsigned int 
 Auto vars:     Size  Location     Type
  quotient        2    7[COMMON] unsigned int 
  counter         1    9[COMMON] unsigned char 
 Return value:  Size  Location     Type
                  2    2[COMMON] unsigned int 
 Registers used:
		wreg, status,2, status,0
 Tracked objects:
		On entry : 
		On exit  : 
		Unchanged: 
 Data sizes:     COMMON   BANK0   BANK1   BANK3   BANK2
      Params:         4       0       0       0       0
      Locals:         3       0       0       0       0
      Temps:          1       0       0       0       0
      Totals:         8       0       0       0       0
Total ram usage:        8 bytes
 Hardware stack levels used:    1
 Hardware stack levels required when called:    1
 This function calls:
		Nothing
 This function is called by:
		_sprintf
 This function uses a non-reentrant model


 *************** function _Lcd_Write_String *****************
 Defined at:
		line 109 in file "lcd_library.c"
 Parameters:    Size  Location     Type
  a               2    5[COMMON] PTR unsigned char 
		 -> s(20), STR_3(4), STR_2(4), STR_1(4), 
 Auto vars:     Size  Location     Type
  i               2    0[BANK0 ] int 
 Return value:  Size  Location     Type
                  1    wreg      void 
 Registers used:
		wreg, fsr0l, fsr0h, status,2, status,0, btemp+1, pclath, cstack
 Tracked objects:
		On entry : 
		On exit  : 
		Unchanged: 
 Data sizes:     COMMON   BANK0   BANK1   BANK3   BANK2
      Params:         2       0       0       0       0
      Locals:         0       2       0       0       0
      Temps:          3       0       0       0       0
      Totals:         5       2       0       0       0
Total ram usage:        7 bytes
 Hardware stack levels used:    1
 Hardware stack levels required when called:    3
 This function calls:
		_Lcd_Write_Char
 This function is called by:
		_mostrar
 This function uses a non-reentrant model


 *************** function _Lcd_Write_Char *****************
 Defined at:
		line 100 in file "lcd_library.c"
 Parameters:    Size  Location     Type
  a               1    wreg     unsigned char 
 Auto vars:     Size  Location     Type
  a               1    4[COMMON] unsigned char 
 Return value:  Size  Location     Type
                  1    wreg      void 
 Registers used:
		wreg, status,2, status,0, pclath, cstack
 Tracked objects:
		On entry : 
		On exit  : 
		Unchanged: 
 Data sizes:     COMMON   BANK0   BANK1   BANK3   BANK2
      Params:         0       0       0       0       0
      Locals:         1       0       0       0       0
      Temps:          1       0       0       0       0
      Totals:         2       0       0       0       0
Total ram usage:        2 bytes
 Hardware stack levels used:    1
 Hardware stack levels required when called:    2
 This function calls:
		_Lcd_Port
 This function is called by:
		_Lcd_Write_String
 This function uses a non-reentrant model


 *************** function _Lcd_Set_Cursor *****************
 Defined at:
		line 69 in file "lcd_library.c"
 Parameters:    Size  Location     Type
  a               1    wreg     unsigned char 
  b               1    6[COMMON] unsigned char 
 Auto vars:     Size  Location     Type
  a               1    8[COMMON] unsigned char 
  temp            1    9[COMMON] unsigned char 
 Return value:  Size  Location     Type
                  1    wreg      void 
 Registers used:
		wreg, status,2, status,0, pclath, cstack
 Tracked objects:
		On entry : 
		On exit  : 
		Unchanged: 
 Data sizes:     COMMON   BANK0   BANK1   BANK3   BANK2
      Params:         1       0       0       0       0
      Locals:         2       0       0       0       0
      Temps:          1       0       0       0       0
      Totals:         4       0       0       0       0
Total ram usage:        4 bytes
 Hardware stack levels used:    1
 Hardware stack levels required when called:    3
 This function calls:
		_Lcd_Cmd
 This function is called by:
		_mostrar
 This function uses a non-reentrant model


 *************** function _Lcd_Init *****************
 Defined at:
		line 84 in file "lcd_library.c"
 Parameters:    Size  Location     Type
		None
 Auto vars:     Size  Location     Type
		None
 Return value:  Size  Location     Type
                  1    wreg      void 
 Registers used:
		wreg, status,2, status,0, pclath, cstack
 Tracked objects:
		On entry : 
		On exit  : 
		Unchanged: 
 Data sizes:     COMMON   BANK0   BANK1   BANK3   BANK2
      Params:         0       0       0       0       0
      Locals:         0       0       0       0       0
      Temps:          2       0       0       0       0
      Totals:         2       0       0       0       0
Total ram usage:        2 bytes
 Hardware stack levels used:    1
 Hardware stack levels required when called:    3
 This function calls:
		_Lcd_Cmd
		_Lcd_Port
 This function is called by:
		_main
 This function uses a non-reentrant model


 *************** function _Lcd_Clear *****************
 Defined at:
		line 64 in file "lcd_library.c"
 Parameters:    Size  Location     Type
		None
 Auto vars:     Size  Location     Type
		None
 Return value:  Size  Location     Type
                  1    wreg      void 
 Registers used:
		wreg, status,2, status,0, pclath, cstack
 Tracked objects:
		On entry : 
		On exit  : 
		Unchanged: 
 Data sizes:     COMMON   BANK0   BANK1   BANK3   BANK2
      Params:         0       0       0       0       0
      Locals:         0       0       0       0       0
      Temps:          0       0       0       0       0
      Totals:         0       0       0       0       0
Total ram usage:        0 bytes
 Hardware stack levels used:    1
 Hardware stack levels required when called:    3
 This function calls:
		_Lcd_Cmd
 This function is called by:
		_main
 This function uses a non-reentrant model


 *************** function _Lcd_Cmd *****************
 Defined at:
		line 55 in file "lcd_library.c"
 Parameters:    Size  Location     Type
  a               1    wreg     unsigned char 
 Auto vars:     Size  Location     Type
  a               1    5[COMMON] unsigned char 
 Return value:  Size  Location     Type
                  1    wreg      void 
 Registers used:
		wreg, status,2, status,0, pclath, cstack
 Tracked objects:
		On entry : 
		On exit  : 
		Unchanged: 
 Data sizes:     COMMON   BANK0   BANK1   BANK3   BANK2
      Params:         0       0       0       0       0
      Locals:         1       0       0       0       0
      Temps:          2       0       0       0       0
      Totals:         3       0       0       0       0
Total ram usage:        3 bytes
 Hardware stack levels used:    1
 Hardware stack levels required when called:    2
 This function calls:
		_Lcd_Port
 This function is called by:
		_Lcd_Clear
		_Lcd_Set_Cursor
		_Lcd_Init
 This function uses a non-reentrant model


 *************** function _Lcd_Port *****************
 Defined at:
		line 12 in file "lcd_library.c"
 Parameters:    Size  Location     Type
  a               1    wreg     unsigned char 
 Auto vars:     Size  Location     Type
  a               1    2[COMMON] unsigned char 
 Return value:  Size  Location     Type
                  1    wreg      void 
 Registers used:
		wreg
 Tracked objects:
		On entry : 
		On exit  : 
		Unchanged: 
 Data sizes:     COMMON   BANK0   BANK1   BANK3   BANK2
      Params:         0       0       0       0       0
      Locals:         1       0       0       0       0
      Temps:          0       0       0       0       0
      Totals:         1       0       0       0       0
Total ram usage:        1 bytes
 Hardware stack levels used:    1
 Hardware stack levels required when called:    1
 This function calls:
		Nothing
 This function is called by:
		_Lcd_Cmd
		_Lcd_Init
		_Lcd_Write_Char
 This function uses a non-reentrant model


 *************** function _isr *****************
 Defined at:
		line 70 in file "mcu1_master.c"
 Parameters:    Size  Location     Type
		None
 Auto vars:     Size  Location     Type
		None
 Return value:  Size  Location     Type
                  1    wreg      void 
 Registers used:
		None
 Tracked objects:
		On entry : 
		On exit  : 
		Unchanged: 
 Data sizes:     COMMON   BANK0   BANK1   BANK3   BANK2
      Params:         0       0       0       0       0
      Locals:         0       0       0       0       0
      Temps:          2       0       0       0       0
      Totals:         2       0       0       0       0
Total ram usage:        2 bytes
 Hardware stack levels used:    1
 This function calls:
		Nothing
 This function is called by:
		Interrupt level 1
 This function uses a non-reentrant model



MODULE INFORMATION

Module		Function		Class		Link	Load	Size
C:\Program Files\Microchip\xc8\v2.31\pic\sources\c90\common\doprnt.c
		_sprintf       		CODE           	0024	0000	234

C:\Program Files\Microchip\xc8\v2.31\pic\sources\c90\common\doprnt.c estimated size: 234

C:\Program Files\Microchip\xc8\v2.31\pic\sources\c90\common\lwmod.c
		___lwmod       		CODE           	0313	0000	60

C:\Program Files\Microchip\xc8\v2.31\pic\sources\c90\common\lwmod.c estimated size: 60

mcu1_master.c
		_main          		CODE           	0293	0000	66
		_isr           		CODE           	0406	0000	7
		_setup         		CODE           	034F	0000	43
		_mostrar       		CODE           	010E	0000	176

mcu1_master.c estimated size: 292

C:\Program Files\Microchip\xc8\v2.31\pic\sources\c90\common\lwdiv.c
		___lwdiv       		CODE           	024F	0000	68

C:\Program Files\Microchip\xc8\v2.31\pic\sources\c90\common\lwdiv.c estimated size: 68

shared
		__stringtab    		STRING         	037A	0000	16
		_dpowers       		STRING         	038A	0000	10
		__initialization		CODE           	000F	0000	17

shared estimated size: 43

lcd_library.c
		_Lcd_Write_String		CODE           	0209	0000	70
		_Lcd_Init      		CODE           	01BE	0000	75
		_Lcd_Write_Char		CODE           	03E1	0000	22
		_Lcd_Cmd       		CODE           	03C7	0000	26
		_Lcd_Set_Cursor		CODE           	03A3	0000	36
		_Lcd_Clear     		CODE           	03FF	0000	7
		_Lcd_Port      		CODE           	02D5	0000	62

lcd_library.c estimated size: 298

