******************************************************************************
                  TI ARM Linker PC v20.2.5                     
******************************************************************************
>> Linked Fri May 14 12:25:32 2021

OUTPUT FILE NAME:   <proyecto_4.out>
ENTRY POINT SYMBOL: "_c_int00_noargs"  address: 00000a95


MEMORY CONFIGURATION

         name            origin    length      used     unused   attr    fill
----------------------  --------  ---------  --------  --------  ----  --------
  FLASH                 00000000   00040000  00000d9e  0003f262  R  X
  SRAM                  20000000   00008000  00000209  00007df7  RW X


SEGMENT ALLOCATION MAP

run origin  load origin   length   init length attrs members
----------  ----------- ---------- ----------- ----- -------
00000000    00000000    00000da4   00000da4    r-x
  00000000    00000000    0000026c   0000026c    r-- .intvecs
  0000026c    0000026c    000009b2   000009b2    r-x .text
  00000c20    00000c20    0000016c   0000016c    r-- .const
  00000d90    00000d90    00000014   00000014    r-- .cinit
20000000    20000000    00000209   00000000    rw-
  20000000    20000000    00000200   00000000    rw- .stack
  20000200    20000200    00000009   00000000    rw- .bss


SECTION ALLOCATION MAP

 output                                  attributes/
section   page    origin      length       input sections
--------  ----  ----------  ----------   ----------------
.intvecs   0    00000000    0000026c     
                  00000000    0000026c     tm4c123gh6pm_startup_ccs.obj (.intvecs)

.text      0    0000026c    000009b2     
                  0000026c    000002e8     main.obj (.text)
                  00000554    00000132     driverlib.lib : gpio.obj (.text:GPIOPadConfigSet)
                  00000686    00000002     --HOLE-- [fill = 0]
                  00000688    00000110                   : sysctl.obj (.text:SysCtlClockGet)
                  00000798    000000f4                   : sysctl.obj (.text:SysCtlClockSet)
                  0000088c    00000068                   : interrupt.obj (.text:IntEnable)
                  000008f4    00000060                   : timer.obj (.text:TimerConfigure)
                  00000954    00000048                   : gpio.obj (.text:GPIOPinConfigure)
                  0000099c    00000046                   : uart.obj (.text:UARTConfigSetExpClk)
                  000009e2    00000002     --HOLE-- [fill = 0]
                  000009e4    00000044     rtsv7M4_T_le_v4SPD16_eabi.lib : autoinit.c.obj (.text:__TI_auto_init_nobinit_nopinit:__TI_auto_init_nobinit_nopinit)
                  00000a28    00000038     driverlib.lib : sysctl.obj (.text:SysCtlPeripheralReady)
                  00000a60    00000034                   : sysctl.obj (.text:SysCtlPeripheralEnable)
                  00000a94    00000034     rtsv7M4_T_le_v4SPD16_eabi.lib : boot_cortex_m.c.obj (.text:_c_int00_noargs:_c_int00_noargs)
                  00000ac8    0000002a     driverlib.lib : gpio.obj (.text:GPIODirModeSet)
                  00000af2    00000002     --HOLE-- [fill = 0]
                  00000af4    00000020                   : uart.obj (.text:UARTDisable)
                  00000b14    0000001c     rtsv7M4_T_le_v4SPD16_eabi.lib : copy_zero_init.c.obj (.text:decompress:ZI:__TI_zero_init_nomemset:__TI_zero_init_nomemset)
                  00000b30    00000018     driverlib.lib : gpio.obj (.text:GPIOPinTypeGPIOOutput)
                  00000b48    00000014                   : uart.obj (.text:UARTEnable)
                  00000b5c    00000012                   : gpio.obj (.text:GPIOPinTypeGPIOInput)
                  00000b6e    00000012                   : gpio.obj (.text:GPIOPinTypeUART)
                  00000b80    00000012                   : timer.obj (.text:TimerLoadSet)
                  00000b92    00000010                   : interrupt.obj (.text:IntMasterEnable)
                  00000ba2    0000000e                   : timer.obj (.text:TimerEnable)
                  00000bb0    0000000e                   : uart.obj (.text:UARTCharPutNonBlocking)
                  00000bbe    0000000c                   : cpu.obj (.text:CPUcpsie)
                  00000bca    0000000c     tm4c123gh6pm_startup_ccs.obj (.text)
                  00000bd6    0000000a     driverlib.lib : uart.obj (.text:UARTFIFOEnable)
                  00000be0    0000000a                   : uart.obj (.text:UARTIntStatus)
                  00000bea    00000008                   : timer.obj (.text:TimerIntEnable)
                  00000bf2    00000008                   : uart.obj (.text:UARTIntEnable)
                  00000bfa    00000006                   : gpio.obj (.text:GPIOPinRead)
                  00000c00    00000006                   : gpio.obj (.text:GPIOPinWrite)
                  00000c06    00000006                   : sysctl.obj (.text:SysCtlDelay)
                  00000c0c    00000006                   : uart.obj (.text:UARTFIFOLevelSet)
                  00000c12    00000004                   : uart.obj (.text:UARTIntClear)
                  00000c16    00000004     rtsv7M4_T_le_v4SPD16_eabi.lib : pre_init.c.obj (.text:_system_pre_init)
                  00000c1a    00000004                                   : exit.c.obj (.text:abort:abort)

.const     0    00000c20    0000016c     
                  00000c20    00000090     driverlib.lib : gpio.obj (.const:g_pui32GPIOBaseAddrs)
                  00000cb0    00000070                   : interrupt.obj (.const)
                  00000d20    0000006c                   : sysctl.obj (.const:g_pui32Xtals)

.cinit     0    00000d90    00000014     
                  00000d90    00000008     (.cinit..bss.load) [load image, compression = zero_init]
                  00000d98    00000004     (__TI_handler_table)
                  00000d9c    00000008     (__TI_cinit_table)

.init_array 
*          0    00000000    00000000     UNINITIALIZED

.bss       0    20000200    00000009     UNINITIALIZED
                  20000200    00000004     (.common:Period)
                  20000204    00000001     (.common:avail_P1)
                  20000205    00000001     (.common:avail_P2)
                  20000206    00000001     (.common:avail_P3)
                  20000207    00000001     (.common:avail_P4)
                  20000208    00000001     (.common:parking_space_avail)

.stack     0    20000000    00000200     UNINITIALIZED
                  20000000    00000004     rtsv7M4_T_le_v4SPD16_eabi.lib : boot_cortex_m.c.obj (.stack)
                  20000004    000001fc     --HOLE--

__llvm_prf_cnts 
*          0    20000000    00000000     UNINITIALIZED

MODULE SUMMARY

       Module                         code   ro data   rw data
       ------                         ----   -------   -------
    .\
       main.obj                       744    0         9      
       tm4c123gh6pm_startup_ccs.obj   12     620       0      
    +--+------------------------------+------+---------+---------+
       Total:                         756    620       9      
                                                              
    C:/ti/TivaWare_C_Series-2.1.4.178/driverlib/ccs/Debug/driverlib.lib
       sysctl.obj                     630    108       0      
       gpio.obj                       492    144       0      
       interrupt.obj                  120    112       0      
       uart.obj                       174    0         0      
       timer.obj                      136    0         0      
       cpu.obj                        12     0         0      
    +--+------------------------------+------+---------+---------+
       Total:                         1564   364       0      
                                                              
    C:\ti\ccs1031\ccs\tools\compiler\ti-cgt-arm_20.2.5.LTS\lib\rtsv7M4_T_le_v4SPD16_eabi.lib
       autoinit.c.obj                 68     0         0      
       boot_cortex_m.c.obj            52     0         0      
       copy_zero_init.c.obj           28     0         0      
       exit.c.obj                     4      0         0      
       pre_init.c.obj                 4      0         0      
    +--+------------------------------+------+---------+---------+
       Total:                         156    0         0      
                                                              
       Stack:                         0      0         512    
       Linker Generated:              0      20        0      
    +--+------------------------------+------+---------+---------+
       Grand Total:                   2476   1004      521    


LINKER GENERATED COPY TABLES

__TI_cinit_table @ 00000d9c records: 1, size/record: 8, table size: 8
	.bss: load addr=00000d90, load size=00000008 bytes, run addr=20000200, run size=00000009 bytes, compression=zero_init


LINKER GENERATED HANDLER TABLE

__TI_handler_table @ 00000d98 records: 1, size/record: 4, table size: 4
	index: 0, handler: __TI_zero_init


GLOBAL SYMBOLS: SORTED ALPHABETICALLY BY Name 

address   name                          
-------   ----                          
00000c1b  C$$EXIT                       
00000bbf  CPUcpsie                      
00000ac9  GPIODirModeSet                
00000555  GPIOPadConfigSet              
00000955  GPIOPinConfigure              
00000bfb  GPIOPinRead                   
00000b5d  GPIOPinTypeGPIOInput          
00000b31  GPIOPinTypeGPIOOutput         
00000b6f  GPIOPinTypeUART               
00000c01  GPIOPinWrite                  
000004bb  InitTimer                     
0000040b  InitUART                      
0000088d  IntEnable                     
00000b93  IntMasterEnable               
20000200  Period                        
00000bcb  ResetISR                      
00000689  SysCtlClockGet                
00000799  SysCtlClockSet                
00000c07  SysCtlDelay                   
00000a61  SysCtlPeripheralEnable        
00000a29  SysCtlPeripheralReady         
000008f5  TimerConfigure                
00000ba3  TimerEnable                   
00000beb  TimerIntEnable                
00000b81  TimerLoadSet                  
00000bb1  UARTCharPutNonBlocking        
0000099d  UARTConfigSetExpClk           
00000af5  UARTDisable                   
00000b49  UARTEnable                    
00000bd7  UARTFIFOEnable                
00000c0d  UARTFIFOLevelSet              
00000c13  UARTIntClear                  
00000bf3  UARTIntEnable                 
000003f5  UARTIntHandler                
00000be1  UARTIntStatus                 
20000200  __STACK_END                   
00000200  __STACK_SIZE                  
20000200  __STACK_TOP                   
00000d9c  __TI_CINIT_Base               
00000da4  __TI_CINIT_Limit              
00000d98  __TI_Handler_Table_Base       
00000d9c  __TI_Handler_Table_Limit      
000009e5  __TI_auto_init_nobinit_nopinit
ffffffff  __TI_pprof_out_hndl           
ffffffff  __TI_prof_data_size           
ffffffff  __TI_prof_data_start          
00000000  __TI_static_base__            
00000b15  __TI_zero_init_nomemset       
ffffffff  __binit__                     
ffffffff  __c_args__                    
UNDEFED   __mpu_init                    
20000000  __stack                       
20000000  __start___llvm_prf_cnts       
20000000  __stop___llvm_prf_cnts        
00000a95  _c_int00_noargs               
UNDEFED   _system_post_cinit            
00000c17  _system_pre_init              
00000c1b  abort                         
20000204  avail_P1                      
20000205  avail_P2                      
20000206  avail_P3                      
20000207  avail_P4                      
ffffffff  binit                         
00000000  g_pfnVectors                  
0000026d  main                          
20000208  parking_space_avail           


GLOBAL SYMBOLS: SORTED BY Symbol Address 

address   name                          
-------   ----                          
00000000  __TI_static_base__            
00000000  g_pfnVectors                  
00000200  __STACK_SIZE                  
0000026d  main                          
000003f5  UARTIntHandler                
0000040b  InitUART                      
000004bb  InitTimer                     
00000555  GPIOPadConfigSet              
00000689  SysCtlClockGet                
00000799  SysCtlClockSet                
0000088d  IntEnable                     
000008f5  TimerConfigure                
00000955  GPIOPinConfigure              
0000099d  UARTConfigSetExpClk           
000009e5  __TI_auto_init_nobinit_nopinit
00000a29  SysCtlPeripheralReady         
00000a61  SysCtlPeripheralEnable        
00000a95  _c_int00_noargs               
00000ac9  GPIODirModeSet                
00000af5  UARTDisable                   
00000b15  __TI_zero_init_nomemset       
00000b31  GPIOPinTypeGPIOOutput         
00000b49  UARTEnable                    
00000b5d  GPIOPinTypeGPIOInput          
00000b6f  GPIOPinTypeUART               
00000b81  TimerLoadSet                  
00000b93  IntMasterEnable               
00000ba3  TimerEnable                   
00000bb1  UARTCharPutNonBlocking        
00000bbf  CPUcpsie                      
00000bcb  ResetISR                      
00000bd7  UARTFIFOEnable                
00000be1  UARTIntStatus                 
00000beb  TimerIntEnable                
00000bf3  UARTIntEnable                 
00000bfb  GPIOPinRead                   
00000c01  GPIOPinWrite                  
00000c07  SysCtlDelay                   
00000c0d  UARTFIFOLevelSet              
00000c13  UARTIntClear                  
00000c17  _system_pre_init              
00000c1b  C$$EXIT                       
00000c1b  abort                         
00000d98  __TI_Handler_Table_Base       
00000d9c  __TI_CINIT_Base               
00000d9c  __TI_Handler_Table_Limit      
00000da4  __TI_CINIT_Limit              
20000000  __stack                       
20000000  __start___llvm_prf_cnts       
20000000  __stop___llvm_prf_cnts        
20000200  Period                        
20000200  __STACK_END                   
20000200  __STACK_TOP                   
20000204  avail_P1                      
20000205  avail_P2                      
20000206  avail_P3                      
20000207  avail_P4                      
20000208  parking_space_avail           
ffffffff  __TI_pprof_out_hndl           
ffffffff  __TI_prof_data_size           
ffffffff  __TI_prof_data_start          
ffffffff  __binit__                     
ffffffff  __c_args__                    
ffffffff  binit                         
UNDEFED   __mpu_init                    
UNDEFED   _system_post_cinit            

[66 symbols]
