******************************************************************************
                  TI ARM Linker PC v20.2.5                     
******************************************************************************
>> Linked Fri May  7 02:23:32 2021

OUTPUT FILE NAME:   <ED2_Lab6.out>
ENTRY POINT SYMBOL: "_c_int00_noargs"  address: 00000725


MEMORY CONFIGURATION

         name            origin    length      used     unused   attr    fill
----------------------  --------  ---------  --------  --------  ----  --------
  FLASH                 00000000   00040000  000007f8  0003f808  R  X
  SRAM                  20000000   00008000  00000204  00007dfc  RW X


SEGMENT ALLOCATION MAP

run origin  load origin   length   init length attrs members
----------  ----------- ---------- ----------- ----- -------
00000000    00000000    000007f8   000007f8    r-x
  00000000    00000000    0000026c   0000026c    r-- .intvecs
  0000026c    0000026c    00000574   00000574    r-x .text
  000007e0    000007e0    00000018   00000018    r-- .cinit
20000000    20000000    00000204   00000000    rw-
  20000000    20000000    00000200   00000000    rw- .stack
  20000200    20000200    00000004   00000000    rw- .data


SECTION ALLOCATION MAP

 output                                  attributes/
section   page    origin      length       input sections
--------  ----  ----------  ----------   ----------------
.intvecs   0    00000000    0000026c     
                  00000000    0000026c     tm4c123gh6pm_startup_ccs.obj (.intvecs)

.text      0    0000026c    00000574     
                  0000026c    00000132     driverlib.lib : gpio.obj (.text:GPIOPadConfigSet)
                  0000039e    00000002     --HOLE-- [fill = 0]
                  000003a0    00000114     main.obj (.text)
                  000004b4    000000f4     driverlib.lib : sysctl.obj (.text:SysCtlClockSet)
                  000005a8    0000009c     rtsv7M4_T_le_v4SPD16_eabi.lib : memcpy_t2.asm.obj (.text)
                  00000644    00000068                                   : copy_decompress_lzss.c.obj (.text:decompress:lzss:__TI_decompress_lzss)
                  000006ac    00000044                                   : autoinit.c.obj (.text:__TI_auto_init_nobinit_nopinit:__TI_auto_init_nobinit_nopinit)
                  000006f0    00000034     driverlib.lib : sysctl.obj (.text:SysCtlPeripheralEnable)
                  00000724    00000034     rtsv7M4_T_le_v4SPD16_eabi.lib : boot_cortex_m.c.obj (.text:_c_int00_noargs:_c_int00_noargs)
                  00000758    0000002a     driverlib.lib : gpio.obj (.text:GPIODirModeSet)
                  00000782    00000018                   : gpio.obj (.text:GPIOPinTypeGPIOOutput)
                  0000079a    00000012                   : gpio.obj (.text:GPIOPinTypeGPIOInput)
                  000007ac    0000000e     rtsv7M4_T_le_v4SPD16_eabi.lib : copy_decompress_none.c.obj (.text:decompress:none:__TI_decompress_none)
                  000007ba    0000000c     tm4c123gh6pm_startup_ccs.obj (.text)
                  000007c6    00000006     driverlib.lib : gpio.obj (.text:GPIOPinRead)
                  000007cc    00000006                   : gpio.obj (.text:GPIOPinWrite)
                  000007d2    00000006                   : sysctl.obj (.text:SysCtlDelay)
                  000007d8    00000004     rtsv7M4_T_le_v4SPD16_eabi.lib : pre_init.c.obj (.text:_system_pre_init)
                  000007dc    00000004                                   : exit.c.obj (.text:abort:abort)

.cinit     0    000007e0    00000018     
                  000007e0    00000008     (__TI_handler_table)
                  000007e8    00000007     (.cinit..data.load) [load image, compression = lzss]
                  000007ef    00000001     --HOLE-- [fill = 0]
                  000007f0    00000008     (__TI_cinit_table)

.init_array 
*          0    00000000    00000000     UNINITIALIZED

.data      0    20000200    00000004     UNINITIALIZED
                  20000200    00000004     main.obj (.data)

.stack     0    20000000    00000200     UNINITIALIZED
                  20000000    00000004     rtsv7M4_T_le_v4SPD16_eabi.lib : boot_cortex_m.c.obj (.stack)
                  20000004    000001fc     --HOLE--

__llvm_prf_cnts 
*          0    20000000    00000000     UNINITIALIZED

MODULE SUMMARY

       Module                         code   ro data   rw data
       ------                         ----   -------   -------
    .\
       tm4c123gh6pm_startup_ccs.obj   12     620       0      
       main.obj                       276    0         4      
    +--+------------------------------+------+---------+---------+
       Total:                         288    620       4      
                                                              
    C:/ti/TivaWare_C_Series-2.1.4.178/driverlib/ccs/Debug/driverlib.lib
       gpio.obj                       402    0         0      
       sysctl.obj                     302    0         0      
    +--+------------------------------+------+---------+---------+
       Total:                         704    0         0      
                                                              
    C:\ti\ccs1031\ccs\tools\compiler\ti-cgt-arm_20.2.5.LTS\lib\rtsv7M4_T_le_v4SPD16_eabi.lib
       memcpy_t2.asm.obj              156    0         0      
       copy_decompress_lzss.c.obj     104    0         0      
       autoinit.c.obj                 68     0         0      
       boot_cortex_m.c.obj            52     0         0      
       copy_decompress_none.c.obj     14     0         0      
       exit.c.obj                     4      0         0      
       pre_init.c.obj                 4      0         0      
    +--+------------------------------+------+---------+---------+
       Total:                         402    0         0      
                                                              
       Stack:                         0      0         512    
       Linker Generated:              0      23        0      
    +--+------------------------------+------+---------+---------+
       Grand Total:                   1394   643       516    


LINKER GENERATED COPY TABLES

__TI_cinit_table @ 000007f0 records: 1, size/record: 8, table size: 8
	.data: load addr=000007e8, load size=00000007 bytes, run addr=20000200, run size=00000004 bytes, compression=lzss


LINKER GENERATED HANDLER TABLE

__TI_handler_table @ 000007e0 records: 2, size/record: 4, table size: 8
	index: 0, handler: __TI_decompress_lzss
	index: 1, handler: __TI_decompress_none


GLOBAL SYMBOLS: SORTED ALPHABETICALLY BY Name 

address   name                          
-------   ----                          
000007dd  C$$EXIT                       
00000759  GPIODirModeSet                
0000026d  GPIOPadConfigSet              
000007c7  GPIOPinRead                   
0000079b  GPIOPinTypeGPIOInput          
00000783  GPIOPinTypeGPIOOutput         
000007cd  GPIOPinWrite                  
000007bb  ResetISR                      
000004b5  SysCtlClockSet                
000007d3  SysCtlDelay                   
000006f1  SysCtlPeripheralEnable        
20000200  __STACK_END                   
00000200  __STACK_SIZE                  
20000200  __STACK_TOP                   
000007f0  __TI_CINIT_Base               
000007f8  __TI_CINIT_Limit              
000007e0  __TI_Handler_Table_Base       
000007e8  __TI_Handler_Table_Limit      
000006ad  __TI_auto_init_nobinit_nopinit
00000645  __TI_decompress_lzss          
000007ad  __TI_decompress_none          
ffffffff  __TI_pprof_out_hndl           
ffffffff  __TI_prof_data_size           
ffffffff  __TI_prof_data_start          
00000000  __TI_static_base__            
000005a9  __aeabi_memcpy                
000005a9  __aeabi_memcpy4               
000005a9  __aeabi_memcpy8               
ffffffff  __binit__                     
ffffffff  __c_args__                    
UNDEFED   __mpu_init                    
20000000  __stack                       
20000000  __start___llvm_prf_cnts       
20000000  __stop___llvm_prf_cnts        
00000725  _c_int00_noargs               
UNDEFED   _system_post_cinit            
000007d9  _system_pre_init              
000007dd  abort                         
ffffffff  binit                         
00000000  g_pfnVectors                  
000003a1  main                          
000005a9  memcpy                        
20000200  var                           


GLOBAL SYMBOLS: SORTED BY Symbol Address 

address   name                          
-------   ----                          
00000000  __TI_static_base__            
00000000  g_pfnVectors                  
00000200  __STACK_SIZE                  
0000026d  GPIOPadConfigSet              
000003a1  main                          
000004b5  SysCtlClockSet                
000005a9  __aeabi_memcpy                
000005a9  __aeabi_memcpy4               
000005a9  __aeabi_memcpy8               
000005a9  memcpy                        
00000645  __TI_decompress_lzss          
000006ad  __TI_auto_init_nobinit_nopinit
000006f1  SysCtlPeripheralEnable        
00000725  _c_int00_noargs               
00000759  GPIODirModeSet                
00000783  GPIOPinTypeGPIOOutput         
0000079b  GPIOPinTypeGPIOInput          
000007ad  __TI_decompress_none          
000007bb  ResetISR                      
000007c7  GPIOPinRead                   
000007cd  GPIOPinWrite                  
000007d3  SysCtlDelay                   
000007d9  _system_pre_init              
000007dd  C$$EXIT                       
000007dd  abort                         
000007e0  __TI_Handler_Table_Base       
000007e8  __TI_Handler_Table_Limit      
000007f0  __TI_CINIT_Base               
000007f8  __TI_CINIT_Limit              
20000000  __stack                       
20000000  __start___llvm_prf_cnts       
20000000  __stop___llvm_prf_cnts        
20000200  __STACK_END                   
20000200  __STACK_TOP                   
20000200  var                           
ffffffff  __TI_pprof_out_hndl           
ffffffff  __TI_prof_data_size           
ffffffff  __TI_prof_data_start          
ffffffff  __binit__                     
ffffffff  __c_args__                    
ffffffff  binit                         
UNDEFED   __mpu_init                    
UNDEFED   _system_post_cinit            

[43 symbols]
